// Jest Snapshot v1, https://goo.gl/fbAQLP

exports[`CubeGrid.vue renders correctly 1`] = `
<div
  class="vs-cube-grid"
  style="--vs-cube-grid-color: #282c34; --vs-cube-grid-size: 50px; --vs-cube-grid-speed: 1.3s;"
>
  <div
    class="vs-cube vs-cube1"
  />
   
  <div
    class="vs-cube vs-cube2"
  />
   
  <div
    class="vs-cube vs-cube3"
  />
   
  <div
    class="vs-cube vs-cube4"
  />
   
  <div
    class="vs-cube vs-cube5"
  />
   
  <div
    class="vs-cube vs-cube6"
  />
   
  <div
    class="vs-cube vs-cube7"
  />
   
  <div
    class="vs-cube vs-cube8"
  />
   
  <div
    class="vs-cube vs-cube9"
  />
</div>
`;
