// Jest Snapshot v1, https://goo.gl/fbAQLP

exports[`Spinner.vue renders correctly 1`] = `
<div
  class="vs-spinner"
  style="--vs-spinner-size: 50px; --vs-spinner-color: #282c34; --vs-spinner-speed: 2s; --vs-spinner-delay: -1s;"
>
  <div
    class="dot1"
  />
   
  <div
    class="dot2"
  />
</div>
`;
